[Architectury Transformer DEBUG] 
[Architectury Transformer DEBUG] ============================
[Architectury Transformer DEBUG] Transforming from /data/data/com.termux/files/home/RTBridge/common/build/devlibs/common-dev.jar to /data/data/com.termux/files/home/RTBridge/common/build/libs/common-transformProductionFabric.jar
[Architectury Transformer DEBUG] ============================
[Architectury Transformer DEBUG] 
[Architectury Transformer DEBUG] Transforming 5 transformer(s) from /data/data/com.termux/files/home/RTBridge/common/build/devlibs/common-dev.jar to /data/data/com.termux/files/home/RTBridge/common/build/libs/common-transformProductionFabric.jar: 
[Architectury Transformer DEBUG]  - dev.architectury.transformer.transformers.RemapMixinVariables@25c0e528
[Architectury Transformer DEBUG]  - dev.architectury.transformer.transformers.TransformExpectPlatform@47226ebc
[Architectury Transformer DEBUG]  - dev.architectury.transformer.transformers.RemapInjectables@2f887b30
[Architectury Transformer DEBUG]  - AddRefmapName(enabled=() -> kotlin.Boolean)
[Architectury Transformer DEBUG]  - dev.architectury.transformer.transformers.TransformPlatformOnly@10dbe9bb
[Architectury Transformer DEBUG] Transforming from /data/data/com.termux/files/home/RTBridge/common/build/devlibs/common-dev.jar to /data/data/com.termux/files/home/RTBridge/common/build/libs/common-transformProductionFabric.jar with 5 transformer(s) on dev.architectury.transformer.handler.SimpleTransformerHandler
[Architectury Transformer DEBUG] Reading mixin mappings file: /data/data/com.termux/files/home/RTBridge/common/build/loom-cache/mixin-map-net.fabricmc.yarn.1_21_1.1.21.1+build.3-v2.main.tiny
[Architectury Transformer DEBUG] Remapping with 1 mapping provider(s):
[Architectury Transformer DEBUG]  - dev.architectury.transformer.shadowed.impl.dev.architectury.tinyremapper.TinyUtils$$Lambda/0x0000000100cc6000@7e6d7669
[Architectury Transformer DEBUG] Provided 61 classpath jar(s):
[Architectury Transformer DEBUG]  - /data/data/com.termux/files/home/.gradle/caches/modules-2/files-2.1/dev.architectury/architectury-injectables/1.0.10/62db2a366d662606d1b23ad02ccc3212ed37ec3/architectury-injectables-1.0.10.jar
[Architectury Transformer DEBUG]  - /data/data/com.termux/files/home/.gradle/caches/modules-2/files-2.1/net.fabricmc/fabric-loader/0.19.3/354dfaa02d0552e11867f85dff7cdbfaf813ba3e/fabric-loader-0.19.3.jar
[Architectury Transformer DEBUG]  - /data/data/com.termux/files/home/.gradle/caches/modules-2/files-2.1/org.jetbrains/annotations/24.1.0/7af6a669488450c4a07c2c3254e2151df42d7d04/annotations-24.1.0.jar
[Architectury Transformer DEBUG]  - /data/data/com.termux/files/home/.gradle/caches/modules-2/files-2.1/org.lwjgl/lwjgl-vulkan/3.3.3/2d85b61672fa82ec5045979ac49c7940913eea50/lwjgl-vulkan-3.3.3.jar
[Architectury Transformer DEBUG]  - /data/data/com.termux/files/home/.gradle/caches/modules-2/files-2.1/org.lwjgl/lwjgl/3.3.3/29589b5f87ed335a6c7e7ee6a5775f81f97ecb84/lwjgl-3.3.3.jar
[Architectury Transformer DEBUG]  - /data/data/com.termux/files/home/.gradle/caches/modules-2/files-2.1/org.joml/joml/1.10.5/22566d58af70ad3d72308bab63b8339906deb649/joml-1.10.5.jar
[Architectury Transformer DEBUG]  - /data/data/com.termux/files/home/.gradle/caches/modules-2/files-2.1/org.ow2.asm/asm/9.7.1/f0ed132a49244b042cd0e15702ab9f2ce3cc8436/asm-9.7.1.jar
[Architectury Transformer DEBUG]  - /data/data/com.termux/files/home/.gradle/caches/modules-2/files-2.1/org.ow2.asm/asm-analysis/9.7.1/f97a3b319f0ed6a8cd944dc79060d3912a28985f/asm-analysis-9.7.1.jar
[Architectury Transformer DEBUG]  - /data/data/com.termux/files/home/.gradle/caches/modules-2/files-2.1/org.ow2.asm/asm-commons/9.7.1/406c6a2225cfe1819f102a161e54cc16a5c24f75/asm-commons-9.7.1.jar
[Architectury Transformer DEBUG]  - /data/data/com.termux/files/home/.gradle/caches/modules-2/files-2.1/org.ow2.asm/asm-tree/9.7.1/3a53139787663b139de76b627fca0084ab60d32c/asm-tree-9.7.1.jar
[Architectury Transformer DEBUG]  - /data/data/com.termux/files/home/.gradle/caches/modules-2/files-2.1/org.ow2.asm/asm-util/9.7.1/9e23359b598ec6b74b23e53110dd5c577adf2243/asm-util-9.7.1.jar
[Architectury Transformer DEBUG]  - /data/data/com.termux/files/home/.gradle/caches/modules-2/files-2.1/net.fabricmc/sponge-mixin/0.15.4+mixin.0.8.7/6a12aacc794f1078458433116e9ed42c1cc98096/sponge-mixin-0.15.4+mixin.0.8.7.jar
[Architectury Transformer DEBUG]  - /data/data/com.termux/files/home/.gradle/caches/modules-2/files-2.1/io.github.llamalad7/mixinextras-fabric/0.4.1/8d1a9e96afb990367fa1f904d17580d164da72e3/mixinextras-fabric-0.4.1.jar
[Architectury Transformer DEBUG]  - /data/data/com.termux/files/home/.gradle/caches/modules-2/files-2.1/net.fabricmc/yarn/1.21.1+build.3/2ad14aed781c4a73ed4dbb421966d408a0a06686/yarn-1.21.1+build.3-constants.jar
[Architectury Transformer DEBUG]  - /data/data/com.termux/files/home/.gradle/caches/modules-2/files-2.1/com.github.oshi/oshi-core/6.4.10/b1d8ab82d11d92fd639b56d639f8f46f739dd5fa/oshi-core-6.4.10.jar
[Architectury Transformer DEBUG]  - /data/data/com.termux/files/home/.gradle/caches/modules-2/files-2.1/com.google.code.gson/gson/2.10.1/b3add478d4382b78ea20b1671390a858002feb6c/gson-2.10.1.jar
[Architectury Transformer DEBUG]  - /data/data/com.termux/files/home/.gradle/caches/modules-2/files-2.1/com.google.guava/failureaccess/1.0.1/1dcf1de382a0bf95a3d8b0849546c88bac1292c9/failureaccess-1.0.1.jar
[Architectury Transformer DEBUG]  - /data/data/com.termux/files/home/.gradle/caches/modules-2/files-2.1/com.google.guava/guava/32.1.2-jre/5e64ec7e056456bef3a4bc4c6fdaef71e8ab6318/guava-32.1.2-jre.jar
[Architectury Transformer DEBUG]  - /data/data/com.termux/files/home/.gradle/caches/modules-2/files-2.1/com.ibm.icu/icu4j/73.2/61ad4ef7f9131fcf6d25c34b817f90d6da06c9e9/icu4j-73.2.jar
[Architectury Transformer DEBUG]  - /data/data/com.termux/files/home/.gradle/caches/modules-2/files-2.1/com.mojang/authlib/6.0.54/de8bc95660e1b2fe8793fd427a7a10dcec5b3ea7/authlib-6.0.54.jar
[Architectury Transformer DEBUG]  - /data/data/com.termux/files/home/.gradle/caches/modules-2/files-2.1/com.mojang/blocklist/1.0.10/5c685c5ffa94c4cd39496c7184c1d122e515ecef/blocklist-1.0.10.jar
[Architectury Transformer DEBUG]  - /data/data/com.termux/files/home/.gradle/caches/modules-2/files-2.1/com.mojang/brigadier/1.3.10/d15b53a14cf20fdcaa98f731af5dda654452c010/brigadier-1.3.10.jar
[Architectury Transformer DEBUG]  - /data/data/com.termux/files/home/.gradle/caches/modules-2/files-2.1/com.mojang/datafixerupper/8.0.16/67d4de6d7f95d89bcf5862995fb854ebaec02a34/datafixerupper-8.0.16.jar
[Architectury Transformer DEBUG]  - /data/data/com.termux/files/home/.gradle/caches/modules-2/files-2.1/com.mojang/logging/1.2.7/24cb95ffb0e3433fd6e844c04e68009e504ca1c0/logging-1.2.7.jar
[Architectury Transformer DEBUG]  - /data/data/com.termux/files/home/.gradle/caches/modules-2/files-2.1/com.mojang/patchy/2.2.10/da05971b07cbb379d002cf7eaec6a2048211fefc/patchy-2.2.10.jar
[Architectury Transformer DEBUG]  - /data/data/com.termux/files/home/.gradle/caches/modules-2/files-2.1/com.mojang/text2speech/1.17.9/3cad216e3a7f0c19b4b394388bc9ffc446f13b14/text2speech-1.17.9.jar
[Architectury Transformer DEBUG]  - /data/data/com.termux/files/home/.gradle/caches/modules-2/files-2.1/commons-codec/commons-codec/1.16.0/4e3eb3d79888d76b54e28b350915b5dc3919c9de/commons-codec-1.16.0.jar
[Architectury Transformer DEBUG]  - /data/data/com.termux/files/home/.gradle/caches/modules-2/files-2.1/commons-io/commons-io/2.15.1/f11560da189ab563a5c8e351941415430e9304ea/commons-io-2.15.1.jar
[Architectury Transformer DEBUG]  - /data/data/com.termux/files/home/.gradle/caches/modules-2/files-2.1/commons-logging/commons-logging/1.2/4bfc12adfe4842bf07b657f0369c4cb522955686/commons-logging-1.2.jar
[Architectury Transformer DEBUG]  - /data/data/com.termux/files/home/.gradle/caches/modules-2/files-2.1/io.netty/netty-buffer/4.1.97.Final/f8f3d8644afa5e6e1a40a3a6aeb9d9aa970ecb4f/netty-buffer-4.1.97.Final.jar
[Architectury Transformer DEBUG]  - /data/data/com.termux/files/home/.gradle/caches/modules-2/files-2.1/io.netty/netty-codec/4.1.97.Final/384ba4d75670befbedb45c4d3b497a93639c206d/netty-codec-4.1.97.Final.jar
[Architectury Transformer DEBUG]  - /data/data/com.termux/files/home/.gradle/caches/modules-2/files-2.1/io.netty/netty-common/4.1.97.Final/7cceacaf11df8dc63f23d0fb58e9d4640fc88404/netty-common-4.1.97.Final.jar
[Architectury Transformer DEBUG]  - /data/data/com.termux/files/home/.gradle/caches/modules-2/files-2.1/io.netty/netty-handler/4.1.97.Final/abb86c6906bf512bf2b797a41cd7d2e8d3cd7c36/netty-handler-4.1.97.Final.jar
[Architectury Transformer DEBUG]  - /data/data/com.termux/files/home/.gradle/caches/modules-2/files-2.1/io.netty/netty-resolver/4.1.97.Final/cec8348108dc76c47cf87c669d514be52c922144/netty-resolver-4.1.97.Final.jar
[Architectury Transformer DEBUG]  - /data/data/com.termux/files/home/.gradle/caches/modules-2/files-2.1/io.netty/netty-transport-classes-epoll/4.1.97.Final/795da37ded759e862457a82d9d92c4d39ce8ecee/netty-transport-classes-epoll-4.1.97.Final.jar
[Architectury Transformer DEBUG]  - /data/data/com.termux/files/home/.gradle/caches/modules-2/files-2.1/io.netty/netty-transport-native-epoll/4.1.97.Final/5514744c588190ffda076b35a9b8c9f24946a960/netty-transport-native-epoll-4.1.97.Final-linux-aarch_64.jar
[Architectury Transformer DEBUG]  - /data/data/com.termux/files/home/.gradle/caches/modules-2/files-2.1/io.netty/netty-transport-native-epoll/4.1.97.Final/54188f271e388e7f313aea995e82f58ce2cdb809/netty-transport-native-epoll-4.1.97.Final-linux-x86_64.jar
[Architectury Transformer DEBUG]  - /data/data/com.termux/files/home/.gradle/caches/modules-2/files-2.1/io.netty/netty-transport-native-unix-common/4.1.97.Final/d469d84265ab70095b01b40886cabdd433b6e664/netty-transport-native-unix-common-4.1.97.Final.jar
[Architectury Transformer DEBUG]  - /data/data/com.termux/files/home/.gradle/caches/modules-2/files-2.1/io.netty/netty-transport/4.1.97.Final/f37380d23c9bb079bc702910833b2fd532c9abd0/netty-transport-4.1.97.Final.jar
[Architectury Transformer DEBUG]  - /data/data/com.termux/files/home/.gradle/caches/modules-2/files-2.1/it.unimi.dsi/fastutil/8.5.12/c24946d46824bd528054bface3231d2ecb7e95e8/fastutil-8.5.12.jar
[Architectury Transformer DEBUG]  - /data/data/com.termux/files/home/.gradle/caches/modules-2/files-2.1/net.java.dev.jna/jna-platform/5.14.0/28934d48aed814f11e4c584da55c49fa7032b31b/jna-platform-5.14.0.jar
[Architectury Transformer DEBUG]  - /data/data/com.termux/files/home/.gradle/caches/modules-2/files-2.1/net.java.dev.jna/jna/5.14.0/67bf3eaea4f0718cb376a181a629e5f88fa1c9dd/jna-5.14.0.jar
[Architectury Transformer DEBUG]  - /data/data/com.termux/files/home/.gradle/caches/modules-2/files-2.1/net.sf.jopt-simple/jopt-simple/5.0.4/4fdac2fbe92dfad86aa6e9301736f6b4342a3f5c/jopt-simple-5.0.4.jar
[Architectury Transformer DEBUG]  - /data/data/com.termux/files/home/.gradle/caches/modules-2/files-2.1/org.apache.commons/commons-compress/1.26.0/659feffdd12280201c8aacb8f7be94f9a883c824/commons-compress-1.26.0.jar
[Architectury Transformer DEBUG]  - /data/data/com.termux/files/home/.gradle/caches/modules-2/files-2.1/org.apache.commons/commons-lang3/3.14.0/1ed471194b02f2c6cb734a0cd6f6f107c673afae/commons-lang3-3.14.0.jar
[Architectury Transformer DEBUG]  - /data/data/com.termux/files/home/.gradle/caches/modules-2/files-2.1/org.apache.httpcomponents/httpclient/4.5.13/e5f6cae5ca7ecaac1ec2827a9e2d65ae2869cada/httpclient-4.5.13.jar
[Architectury Transformer DEBUG]  - /data/data/com.termux/files/home/.gradle/caches/modules-2/files-2.1/org.apache.httpcomponents/httpcore/4.4.16/51cf043c87253c9f58b539c9f7e44c8894223850/httpcore-4.4.16.jar
[Architectury Transformer DEBUG]  - /data/data/com.termux/files/home/.gradle/caches/modules-2/files-2.1/org.apache.logging.log4j/log4j-api/2.22.1/bea6fede6328fabafd7e68363161a7ea6605abd1/log4j-api-2.22.1.jar
[Architectury Transformer DEBUG]  - /data/data/com.termux/files/home/.gradle/caches/modules-2/files-2.1/org.apache.logging.log4j/log4j-core/2.22.1/7183a25510a02ad00cc6a95d3b3d2a7d3c5a8dc4/log4j-core-2.22.1.jar
[Architectury Transformer DEBUG]  - /data/data/com.termux/files/home/.gradle/caches/modules-2/files-2.1/org.apache.logging.log4j/log4j-slf4j2-impl/2.22.1/d7e6693c2606cb7e7335047d7bb96dec52db5665/log4j-slf4j2-impl-2.22.1.jar
[Architectury Transformer DEBUG]  - /data/data/com.termux/files/home/.gradle/caches/modules-2/files-2.1/org.jcraft/jorbis/0.0.17/8872d22b293e8f5d7d56ff92be966e6dc28ebdc6/jorbis-0.0.17.jar
[Architectury Transformer DEBUG]  - /data/data/com.termux/files/home/.gradle/caches/modules-2/files-2.1/org.lwjgl/lwjgl-freetype/3.3.3/a0db6c84a8becc8ca05f9dbfa985edc348a824c7/lwjgl-freetype-3.3.3.jar
[Architectury Transformer DEBUG]  - /data/data/com.termux/files/home/.gradle/caches/modules-2/files-2.1/org.lwjgl/lwjgl-glfw/3.3.3/efa1eb78c5ccd840e9f329717109b5e892d72f8e/lwjgl-glfw-3.3.3.jar
[Architectury Transformer DEBUG]  - /data/data/com.termux/files/home/.gradle/caches/modules-2/files-2.1/org.lwjgl/lwjgl-jemalloc/3.3.3/b543467b7ff3c6920539a88ee602d34098628be5/lwjgl-jemalloc-3.3.3.jar
[Architectury Transformer DEBUG]  - /data/data/com.termux/files/home/.gradle/caches/modules-2/files-2.1/org.lwjgl/lwjgl-openal/3.3.3/daada81ceb5fc0c291fbfdd4433cb8d9423577f2/lwjgl-openal-3.3.3.jar
[Architectury Transformer DEBUG]  - /data/data/com.termux/files/home/.gradle/caches/modules-2/files-2.1/org.lwjgl/lwjgl-opengl/3.3.3/2f6b0147078396a58979125a4c947664e98293a/lwjgl-opengl-3.3.3.jar
[Architectury Transformer DEBUG]  - /data/data/com.termux/files/home/.gradle/caches/modules-2/files-2.1/org.lwjgl/lwjgl-stb/3.3.3/25dd6161988d7e65f71d5065c99902402ee32746/lwjgl-stb-3.3.3.jar
[Architectury Transformer DEBUG]  - /data/data/com.termux/files/home/.gradle/caches/modules-2/files-2.1/org.lwjgl/lwjgl-tinyfd/3.3.3/82d755ca94b102e9ca77283b9e2dc46d1b15fbe5/lwjgl-tinyfd-3.3.3.jar
[Architectury Transformer DEBUG]  - /data/data/com.termux/files/home/.gradle/caches/modules-2/files-2.1/org.lz4/lz4-java/1.8.0/4b986a99445e49ea5fbf5d149c4b63f6ed6c6780/lz4-java-1.8.0.jar
[Architectury Transformer DEBUG]  - /data/data/com.termux/files/home/.gradle/caches/modules-2/files-2.1/org.slf4j/slf4j-api/2.0.9/7cf2726fdcfbc8610f9a71fb3ed639871f315340/slf4j-api-2.0.9.jar
[Architectury Transformer DEBUG]  - /data/data/com.termux/files/home/RTBridge/.gradle/loom-cache/minecraftMaven/net/minecraft/minecraft-merged-3cd55d26b7/1.21.1-net.fabricmc.yarn.1_21_1.1.21.1+build.3-v2/minecraft-merged-3cd55d26b7-1.21.1-net.fabricmc.yarn.1_21_1.1.21.1+build.3-v2.jar
[Architectury Transformer] Read classpath in 2.177 s
[Architectury Transformer DEBUG] Remapping Classes:
[Architectury Transformer DEBUG] Found class transformer
[Architectury Transformer DEBUG] Writing com/rtbridge/RTBridgeMod with maxs=true frames=true
[Architectury Transformer DEBUG] Writing com/rtbridge/mixin/MixinWorldRenderer with maxs=true frames=true
[Architectury Transformer DEBUG] Writing com/rtbridge/mixin/MixinLevelChunk with maxs=true frames=true
[Architectury Transformer DEBUG] Writing com/rtbridge/mixin/MixinGameRenderer with maxs=true frames=true
[Architectury Transformer DEBUG] Writing com/rtbridge/light/LightCluster with maxs=true frames=true
[Architectury Transformer DEBUG] Writing com/rtbridge/light/ReservoirSampler$Reservoir with maxs=true frames=true
[Architectury Transformer DEBUG] Writing com/rtbridge/light/ReservoirSampler with maxs=true frames=true
[Architectury Transformer DEBUG] Writing com/rtbridge/vulkan/VulkanContextRaw with maxs=true frames=true
[Architectury Transformer DEBUG] Writing com/rtbridge/vulkan/VulkanBuffer with maxs=true frames=true
[Architectury Transformer DEBUG] Writing com/rtbridge/vulkan/ShaderBindingTable with maxs=true frames=true
[Architectury Transformer DEBUG] Writing com/rtbridge/vulkan/VulkanContext with maxs=true frames=true
[Architectury Transformer DEBUG] Writing com/rtbridge/vulkan/GLVulkanBridge with maxs=true frames=true
[Architectury Transformer DEBUG] Writing com/rtbridge/vulkan/RTCommandBuffer with maxs=true frames=true
[Architectury Transformer DEBUG] Writing com/rtbridge/vulkan/RTImageSet with maxs=true frames=true
[Architectury Transformer DEBUG] Writing com/rtbridge/vulkan/BLASEntry with maxs=true frames=true
[Architectury Transformer DEBUG] Writing com/rtbridge/vulkan/CameraUBO with maxs=true frames=true
[Architectury Transformer DEBUG] Writing com/rtbridge/vulkan/VulkanProbe$ProbeResult with maxs=true frames=true
[Architectury Transformer DEBUG] Writing com/rtbridge/vulkan/RTPipeline with maxs=true frames=true
[Architectury Transformer DEBUG] Writing com/rtbridge/vulkan/ExternalImage with maxs=true frames=true
[Architectury Transformer DEBUG] Writing com/rtbridge/vulkan/DescriptorPool with maxs=true frames=true
[Architectury Transformer DEBUG] Writing com/rtbridge/vulkan/VulkanProbe with maxs=true frames=true
[Architectury Transformer DEBUG] Writing com/rtbridge/vulkan/cache/TieredCacheSystem with maxs=true frames=true
[Architectury Transformer DEBUG] Writing com/rtbridge/vulkan/cache/GPUSceneCache$CacheEntry with maxs=true frames=true
[Architectury Transformer DEBUG] Writing com/rtbridge/vulkan/cache/GPUSceneCache with maxs=true frames=true
[Architectury Transformer DEBUG] Writing com/rtbridge/vulkan/cache/TieredCacheSystem$TieredEntry with maxs=true frames=true
[Architectury Transformer DEBUG] Writing com/rtbridge/vulkan/cache/TieredCacheSystem$Tier with maxs=true frames=true
[Architectury Transformer DEBUG] Writing com/rtbridge/bvh/AsyncBLASBuilder with maxs=true frames=true
[Architectury Transformer DEBUG] Writing com/rtbridge/bvh/TLASManager with maxs=true frames=true
[Architectury Transformer DEBUG] Writing com/rtbridge/bvh/TLASInstanceBuffer with maxs=true frames=true
[Architectury Transformer DEBUG] Writing com/rtbridge/bvh/AsyncBLASBuilder$BLASReadyCallback with maxs=true frames=true
[Architectury Transformer DEBUG] Writing com/rtbridge/bvh/TLASInstanceBuffer$TLASInstance with maxs=true frames=true
[Architectury Transformer DEBUG] Writing com/rtbridge/bvh/TLASManager$InstanceData with maxs=true frames=true
[Architectury Transformer DEBUG] Writing com/rtbridge/bvh/AsyncBLASBuilder$BLASTask with maxs=true frames=true
[Architectury Transformer DEBUG] Writing com/rtbridge/compat/ValkyrienSkiesCompat with maxs=true frames=true
[Architectury Transformer DEBUG] Writing com/rtbridge/compat/SableCompat with maxs=true frames=true
[Architectury Transformer DEBUG] Writing com/rtbridge/compat/SodiumCompat with maxs=true frames=true
[Architectury Transformer DEBUG] Writing com/rtbridge/compat/IrisCompat with maxs=true frames=true
[Architectury Transformer DEBUG] Writing com/rtbridge/render/AsyncRTScheduler with maxs=true frames=true
[Architectury Transformer DEBUG] Writing com/rtbridge/render/MCGBufferCapture with maxs=true frames=true
[Architectury Transformer DEBUG] Writing com/rtbridge/render/FrameCapture with maxs=true frames=true
[Architectury Transformer DEBUG] Writing com/rtbridge/render/ShadowPass with maxs=true frames=true
[Architectury Transformer DEBUG] Writing com/rtbridge/render/AsyncRTScheduler$RTFrame with maxs=true frames=true
[Architectury Transformer DEBUG] Writing com/rtbridge/render/AsyncRTScheduler$RTFrameRenderer with maxs=true frames=true
[Architectury Transformer DEBUG] Writing com/rtbridge/render/MotionVectorBuffer with maxs=true frames=true
[Architectury Transformer DEBUG] Writing com/rtbridge/render/RTRenderer with maxs=true frames=true
[Architectury Transformer DEBUG] Writing com/rtbridge/render/CompositePass with maxs=true frames=true
[Architectury Transformer DEBUG] Writing com/rtbridge/render/GBuffer with maxs=true frames=true
[Architectury Transformer DEBUG] Writing com/rtbridge/render/NormalReconstructPass with maxs=true frames=true
[Architectury Transformer DEBUG] Writing com/rtbridge/render/AsyncRTScheduler$FrameState with maxs=true frames=true
[Architectury Transformer DEBUG] Writing com/rtbridge/buffer/TripleBuffer with maxs=true frames=true
[Architectury Transformer DEBUG] Writing com/rtbridge/scene/SceneExtractor with maxs=true frames=true
[Architectury Transformer DEBUG] Writing com/rtbridge/scene/SceneDatabase with maxs=true frames=true
[Architectury Transformer DEBUG] Writing com/rtbridge/scene/SceneExtractor$1 with maxs=true frames=true
[Architectury Transformer DEBUG] Writing com/rtbridge/scene/cache/StaticGeometryCache with maxs=true frames=true
[Architectury Transformer DEBUG] Writing com/rtbridge/scene/cache/EmissiveCache$EmissiveEntry with maxs=true frames=true
[Architectury Transformer DEBUG] Writing com/rtbridge/scene/cache/DynamicGeometryCache with maxs=true frames=true
[Architectury Transformer DEBUG] Writing com/rtbridge/scene/cache/StaticGeometryCache$ChunkMeshEntry with maxs=true frames=true
[Architectury Transformer DEBUG] Writing com/rtbridge/scene/cache/MaterialCache$MaterialEntry with maxs=true frames=true
[Architectury Transformer DEBUG] Writing com/rtbridge/scene/cache/DynamicGeometryCache$DynamicMeshEntry with maxs=true frames=true
[Architectury Transformer DEBUG] Writing com/rtbridge/scene/cache/TransformCache$ShipTransform with maxs=true frames=true
[Architectury Transformer DEBUG] Writing com/rtbridge/scene/cache/MaterialCache with maxs=true frames=true
[Architectury Transformer DEBUG] Writing com/rtbridge/scene/cache/EmissiveCache with maxs=true frames=true
[Architectury Transformer DEBUG] Writing com/rtbridge/scene/cache/DynamicGeometryCache$DynamicType with maxs=true frames=true
[Architectury Transformer DEBUG] Writing com/rtbridge/scene/cache/TransformCache with maxs=true frames=true
[Architectury Transformer DEBUG] Writing com/rtbridge/event/DirtyEventSystem with maxs=true frames=true
[Architectury Transformer DEBUG] Writing com/rtbridge/event/DirtyEvent with maxs=true frames=true
[Architectury Transformer DEBUG] Writing com/rtbridge/event/DirtyEventType with maxs=true frames=true
[Architectury Transformer DEBUG] Writing com/rtbridge/event/DirtyEvent$Builder with maxs=true frames=true
[Architectury Transformer DEBUG] Writing com/rtbridge/event/DirtyEventListener with maxs=true frames=true
[Architectury Transformer DEBUG] Checking whether /common-common-refmap.json is a mixin config.
[Architectury Transformer DEBUG] Closed File Systems for /data/data/com.termux/files/home/RTBridge/common/build/libs/common-transformProductionFabric.jar
[Architectury Transformer] Transformed jar with 5 transformer(s) in 2.992 s
